// Jest Snapshot v1, https://goo.gl/fbAQLP

exports[`Header renders correctly 1`] = `
<div>
  <div
    class="css-a2wtpa"
  >
    <header
      class="css-0"
    >
      <div
        class="css-7yacue"
      >
        <nav
          class="css-gg4vpm"
        >
          <div
            class="chakra-stack css-16awuyr"
          >
            <a
              class="css-0"
              href="/"
              rel="home"
            />
          </div>
          <div
            class="css-70qvj9"
          >
            <div
              class="chakra-stack css-qg3n0i"
            >
              <a
                aria-current="page"
                class="css-td8rji"
                href="/our-work"
              >
                Our Work
              </a>
              <a
                class="css-td8rji"
                href="/services"
              >
                Services
              </a>
              <a
                class="css-td8rji"
                href="/company"
              >
                Company
              </a>
              <a
                class="css-td8rji"
                href="/team"
              >
                Team
              </a>
              <a
                class="css-td8rji"
                href="/insights"
              >
                Insights
              </a>
              <a
                class="css-td8rji"
                href="/contact"
              >
                Contact
              </a>
              <a
                class="css-td8rji"
              >
                <svg
                  fill="currentColor"
                  height="1em"
                  stroke="currentColor"
                  stroke-width="0"
                  viewBox="0 0 24 24"
                  width="1em"
                  xmlns="http://www.w3.org/2000/svg"
                >
                  <path
                    d="M22.0367422,22 L17.8848745,22 L17.8848745,15.5036305 C17.8848745,13.9543347 17.85863,11.9615082 15.7275829,11.9615082 C13.5676669,11.9615082 13.237862,13.6498994 13.237862,15.3925291 L13.237862,22 L9.0903683,22 L9.0903683,8.64071385 L13.0707725,8.64071385 L13.0707725,10.4673257 L13.1276354,10.4673257 C13.6813927,9.41667396 15.0356049,8.3091593 17.0555507,8.3091593 C21.2599073,8.3091593 22.0367422,11.0753215 22.0367422,14.6734319 L22.0367422,22 Z M4.40923804,6.81585163 C3.07514653,6.81585163 2,5.73720584 2,4.40748841 C2,3.07864579 3.07514653,2 4.40923804,2 C5.73720584,2 6.81585163,3.07864579 6.81585163,4.40748841 C6.81585163,5.73720584 5.73720584,6.81585163 4.40923804,6.81585163 L4.40923804,6.81585163 Z M6.48604672,22 L2.32980492,22 L2.32980492,8.64071385 L6.48604672,8.64071385 L6.48604672,22 Z"
                    fill-rule="evenodd"
                  />
                </svg>
              </a>
              <button
                class="chakra-button css-1x7b48c"
                type="button"
              >
                <a
                  href="/careers"
                >
                  Join Us
                </a>
              </button>
            </div>
            <div
              class="css-o5uqvq"
            >
              <button
                class="css-k42n6e"
                type="button"
              >
                <svg
                  fill="none"
                  height="1em"
                  stroke="currentColor"
                  stroke-width="0"
                  viewBox="0 0 24 24"
                  width="1em"
                  xmlns="http://www.w3.org/2000/svg"
                >
                  <path
                    d="M4 6h16M4 12h16M4 18h16"
                    stroke-linecap="round"
                    stroke-linejoin="round"
                    stroke-width="2"
                  />
                </svg>
              </button>
              <div
                style="transform-origin: top right; position: absolute; width: calc(100% - 32px); top: 24px; left: 16px; margin: 0px auto; z-index: 1; opacity: 0; display: none; transform: scale(0.98) translateZ(0);"
              >
                <div />
                <div
                  data-focus-guard="true"
                  style="width: 1px; height: 0px; padding: 0px; overflow: hidden; position: fixed; top: 1px; left: 1px;"
                  tabindex="-1"
                />
                <div
                  data-focus-guard="true"
                  style="width: 1px; height: 0px; padding: 0px; overflow: hidden; position: fixed; top: 1px; left: 1px;"
                  tabindex="-1"
                />
                <div
                  data-focus-lock-disabled="disabled"
                >
                  <div
                    class="css-b0ao7w"
                    tabindex="0"
                  >
                    <div
                      class="css-1jgcock"
                    >
                      <div
                        class="css-1lekzkb"
                      >
                        <svg
                          class="css-11kl24p"
                          viewBox="0 0 123 24"
                        >
                          <path
                            d="M23 0H7a1 1 0 00-1 1v16H3c-1.654 0-3 1.346-3 3v4h14v-3.583c0-.808.645-1.417 1.5-1.417.723 0 1.5.47 1.5 1.5 0 1.93 1.57 3.5 3.5 3.5s3.5-1.57 3.5-3.5V1a1 1 0 00-1-1zM12 20.417V22H2v-2a1 1 0 011-1h9.304c-.196.43-.304.909-.304 1.417zM20 13H10v-2h10v2zm0-6H10V5h10v2z"
                            fill="blue.600"
                          />
                          <path
                            d="M36.102 19h10.142v-2.855h-6.627v-2.99h6.108v-2.862h-6.108V7.31h6.627V4.455H36.102V19zM51.518 12.778c.007-1.242.732-1.981 1.833-1.981 1.1 0 1.754.724 1.747 1.932V19h3.473v-6.953c.007-2.457-1.492-4.098-3.786-4.098-1.612 0-2.833.817-3.316 2.145h-.121V8.09h-3.303V19h3.473v-6.222zM70.513 8.09h-3.658l-2.017 7.515h-.113l-2.01-7.514h-3.658L62.793 19h3.977l3.743-10.91zM76.192 19.206c2.863 0 4.745-1.385 5.142-3.53l-3.189-.092c-.27.724-.98 1.115-1.889 1.115-1.335 0-2.159-.888-2.159-2.223v-.092h7.273v-.867c0-3.594-2.188-5.568-5.284-5.568-3.296 0-5.412 2.258-5.412 5.64 0 3.493 2.088 5.617 5.518 5.617zm-2.095-6.84c.05-1.086.91-1.91 2.06-1.91 1.143 0 1.967.796 1.981 1.91h-4.04zM86.217 4.455h-3.473V19h3.473V4.455zM93.12 19.206c3.43 0 5.511-2.266 5.511-5.625 0-3.367-2.08-5.632-5.511-5.632-3.43 0-5.512 2.265-5.512 5.632 0 3.36 2.081 5.625 5.512 5.625zm.021-2.62c-1.285 0-1.996-1.222-1.996-3.026 0-1.811.71-3.04 1.996-3.04 1.243 0 1.953 1.229 1.953 3.04 0 1.804-.71 3.025-1.953 3.025zM100.01 23.091h3.473v-5.86h.071c.441 1.01 1.421 1.925 3.068 1.925 2.415 0 4.361-1.889 4.361-5.603 0-3.85-2.059-5.604-4.339-5.604-1.726 0-2.671 1.008-3.09 2.01h-.106V8.09h-3.438v15zm3.402-9.546c0-1.782.739-2.883 2.01-2.883 1.286 0 1.996 1.13 1.996 2.883 0 1.762-.71 2.905-1.996 2.905-1.271 0-2.01-1.136-2.01-2.904zM117.503 19.206c2.862 0 4.744-1.385 5.142-3.53l-3.189-.092c-.27.724-.98 1.115-1.89 1.115-1.335 0-2.159-.888-2.159-2.223v-.092h7.273v-.867c0-3.594-2.187-5.568-5.284-5.568-3.295 0-5.412 2.258-5.412 5.64 0 3.493 2.088 5.617 5.519 5.617zm-2.096-6.84c.05-1.086.909-1.91 2.06-1.91 1.144 0 1.967.796 1.982 1.91h-4.042z"
                            fill="currentColor"
                          />
                        </svg>
                        <div
                          class="css-e4v5av"
                        >
                          <button
                            class="css-i12i7u"
                            type="button"
                          >
                            <div
                              class="css-8b45rq"
                            >
                              Close menu
                            </div>
                            <svg
                              aria-hidden="true"
                              fill="none"
                              font-size="1.5rem"
                              height="1em"
                              stroke="currentColor"
                              stroke-width="0"
                              viewBox="0 0 24 24"
                              width="1em"
                              xmlns="http://www.w3.org/2000/svg"
                            >
                              <path
                                d="M6 18L18 6M6 6l12 12"
                                stroke-linecap="round"
                                stroke-linejoin="round"
                                stroke-width="2"
                              />
                            </svg>
                          </button>
                        </div>
                      </div>
                      <nav
                        class="css-422jt4"
                      >
                        <a
                          class="css-1qw5rjk"
                        >
                          <svg
                            class="chakra-icon css-597cn"
                            fill="currentColor"
                            focusable="false"
                            height="1em"
                            stroke="currentColor"
                            stroke-width="0"
                            viewBox="0 0 20 20"
                            width="1em"
                            xmlns="http://www.w3.org/2000/svg"
                          >
                            <path
                              clip-rule="evenodd"
                              d="M2 9.5A3.5 3.5 0 005.5 13H9v2.586l-1.293-1.293a1 1 0 00-1.414 1.414l3 3a1 1 0 001.414 0l3-3a1 1 0 00-1.414-1.414L11 15.586V13h2.5a4.5 4.5 0 10-.616-8.958 4.002 4.002 0 10-7.753 1.977A3.5 3.5 0 002 9.5zm9 3.5H9V8a1 1 0 012 0v5z"
                              fill-rule="evenodd"
                            />
                          </svg>
                          <div
                            class="css-nh8546"
                          >
                            Product
                          </div>
                        </a>
                        <a
                          class="css-1qw5rjk"
                        >
                          <svg
                            class="chakra-icon css-597cn"
                            fill="currentColor"
                            focusable="false"
                            height="1em"
                            stroke="currentColor"
                            stroke-width="0"
                            viewBox="0 0 20 20"
                            width="1em"
                            xmlns="http://www.w3.org/2000/svg"
                          >
                            <path
                              d="M8.433 7.418c.155-.103.346-.196.567-.267v1.698a2.305 2.305 0 01-.567-.267C8.07 8.34 8 8.114 8 8c0-.114.07-.34.433-.582zM11 12.849v-1.698c.22.071.412.164.567.267.364.243.433.468.433.582 0 .114-.07.34-.433.582a2.305 2.305 0 01-.567.267z"
                            />
                            <path
                              clip-rule="evenodd"
                              d="M10 18a8 8 0 100-16 8 8 0 000 16zm1-13a1 1 0 10-2 0v.092a4.535 4.535 0 00-1.676.662C6.602 6.234 6 7.009 6 8c0 .99.602 1.765 1.324 2.246.48.32 1.054.545 1.676.662v1.941c-.391-.127-.68-.317-.843-.504a1 1 0 10-1.51 1.31c.562.649 1.413 1.076 2.353 1.253V15a1 1 0 102 0v-.092a4.535 4.535 0 001.676-.662C13.398 13.766 14 12.991 14 12c0-.99-.602-1.765-1.324-2.246A4.535 4.535 0 0011 9.092V7.151c.391.127.68.317.843.504a1 1 0 101.511-1.31c-.563-.649-1.413-1.076-2.354-1.253V5z"
                              fill-rule="evenodd"
                            />
                          </svg>
                          <div
                            class="css-nh8546"
                          >
                            Pricing
                          </div>
                        </a>
                        <a
                          class="css-1qw5rjk"
                        >
                          <svg
                            class="chakra-icon css-597cn"
                            fill="currentColor"
                            focusable="false"
                            height="1em"
                            stroke="currentColor"
                            stroke-width="0"
                            viewBox="0 0 20 20"
                            width="1em"
                            xmlns="http://www.w3.org/2000/svg"
                          >
                            <path
                              d="M9 4.804A7.968 7.968 0 005.5 4c-1.255 0-2.443.29-3.5.804v10A7.969 7.969 0 015.5 14c1.669 0 3.218.51 4.5 1.385A7.962 7.962 0 0114.5 14c1.255 0 2.443.29 3.5.804v-10A7.968 7.968 0 0014.5 4c-1.255 0-2.443.29-3.5.804V12a1 1 0 11-2 0V4.804z"
                            />
                          </svg>
                          <div
                            class="css-nh8546"
                          >
                            Resources
                          </div>
                        </a>
                        <a
                          class="css-1qw5rjk"
                        >
                          <svg
                            class="chakra-icon css-597cn"
                            fill="currentColor"
                            focusable="false"
                            height="1em"
                            stroke="currentColor"
                            stroke-width="0"
                            viewBox="0 0 20 20"
                            width="1em"
                            xmlns="http://www.w3.org/2000/svg"
                          >
                            <path
                              clip-rule="evenodd"
                              d="M18 10a8 8 0 11-16 0 8 8 0 0116 0zm-8-3a1 1 0 00-.867.5 1 1 0 11-1.731-1A3 3 0 0113 8a3.001 3.001 0 01-2 2.83V11a1 1 0 11-2 0v-1a1 1 0 011-1 1 1 0 100-2zm0 8a1 1 0 100-2 1 1 0 000 2z"
                              fill-rule="evenodd"
                            />
                          </svg>
                          <div
                            class="css-nh8546"
                          >
                            Help
                          </div>
                        </a>
                      </nav>
                      <div
                        class="chakra-stack css-34k5ma"
                      >
                        <button
                          class="chakra-button css-l01cow"
                          type="button"
                        >
                          Start Free Trial
                        </button>
                        <div
                          class="css-ynlolv"
                        >
                          Have an account?
                           
                          <a
                            class="css-1y8prf4"
                          >
                            Log in
                          </a>
                        </div>
                      </div>
                    </div>
                  </div>
                </div>
                <div
                  data-focus-guard="true"
                  style="width: 1px; height: 0px; padding: 0px; overflow: hidden; position: fixed; top: 1px; left: 1px;"
                  tabindex="-1"
                />
              </div>
            </div>
          </div>
        </nav>
      </div>
    </header>
  </div>
</div>
`;
